===================================================================================
Test for the task 0-add_integer.py
===================================================================================

>>> add_integer = __import__('0-add_integer').add_integer
>>> add_integer(1, 2)
3
>>> add_integer(100, 2)
102
>>> add_integer(100, -2)
98
>>> add_integer(66, 34)
100
>>> add_integer(-2)
96
>>> add_integer(-27, -13)
-40
>>> add_integer("HOLBERTON", 5)
Traceback (most recent call last):
  File "<stdin>", line 1, in <module>
  File "/home/queise/holbertonschool-higher_level_programming/python-test_driven_development/0-add_integer.py", line 20, in add_integer
    raise TypeError("a must be an integer or float")
TypeError: a must be an integer or float
>>> add_integer(9, "SCHOOL")
Traceback (most recent call last):
  File "<stdin>", line 1, in <module>
  File "/home/queise/holbertonschool-higher_level_programming/python-test_driven_development/0-add_integer.py", line 22, in add_integer
    raise TypeError("b must be an integer or float")
TypeError: b must be an integer or float
